src/app/studio/studio-types.ts(2,3): error TS2305: Module '"@/lib/studio/types"' has no exported member 'LucideIcon'.
src/app/studio/studio-workspace-field-config.ts(181,7): error TS2322: Type '"url"' is not assignable to type '"number" | "text" | "select" | "textarea" | "time" | "date" | "checkbox"'.
src/app/studio/workspace/StudioCategoryGrid.tsx(87,9): error TS2322: Type 'unknown[]' is not assignable to type 'StudioCategoryGridItem[]'.
  Type 'unknown' is not assignable to type 'StudioCategoryGridItem'.
src/app/studio/workspace/StudioCategoryGrid.tsx(88,43): error TS2345: Argument of type '(this: undefined, tileKey: StudioCategoryGridTileKey) => { kind: "upload"; key: "upload"; }[] | { kind: "category"; key: InviteCategory; category: StudioCategoryTileDefinition; }[]' is not assignable to parameter of type '(this: undefined, value: StudioCategoryGridTileKey, index: number, array: StudioCategoryGridTileKey[]) => { kind: "upload"; key: "upload"; } | readonly { ...; }[]'.
  Type '{ kind: "upload"; key: "upload"; }[] | { kind: "category"; key: InviteCategory; category: StudioCategoryTileDefinition; }[]' is not assignable to type '{ kind: "upload"; key: "upload"; } | readonly { kind: "upload"; key: "upload"; }[]'.
    Type '{ kind: "category"; key: InviteCategory; category: StudioCategoryTileDefinition; }[]' is not assignable to type '{ kind: "upload"; key: "upload"; } | readonly { kind: "upload"; key: "upload"; }[]'.
      Type '{ kind: "category"; key: InviteCategory; category: StudioCategoryTileDefinition; }[]' is not assignable to type 'readonly { kind: "upload"; key: "upload"; }[]'.
        Type '{ kind: "category"; key: InviteCategory; category: StudioCategoryTileDefinition; }' is not assignable to type '{ kind: "upload"; key: "upload"; }'.
          Types of property 'kind' are incompatible.
            Type '"category"' is not assignable to type '"upload"'.
src/components/studio/StudioLiveCardActionSurface.tsx(1278,19): error TS2367: This comparison appears to be unintentional because the types '"details" | "rsvp" | "location" | "registry" | "calendar" | "logo"' and '"share"' have no overlap.
src/components/studio/StudioLiveCardActionSurface.tsx(1281,35): error TS2367: This comparison appears to be unintentional because the types '"details" | "rsvp" | "location" | "registry" | "calendar" | "logo"' and '"share"' have no overlap.
src/components/studio/StudioLiveCardActionSurface.tsx(1303,37): error TS2367: This comparison appears to be unintentional because the types '"details" | "rsvp" | "location" | "registry" | "calendar" | "logo"' and '"share"' have no overlap.
src/components/studio/StudioLiveCardActionSurface.tsx(1342,33): error TS2367: This comparison appears to be unintentional because the types '"details" | "rsvp" | "location" | "registry" | "calendar" | "logo"' and '"share"' have no overlap.
src/lib/discovery-browser.ts(178,60): error TS2339: Property 'innerText' does not exist on type 'Element'.
src/lib/discovery-browser.ts(389,36): error TS2339: Property 'waitForEvent' does not exist on type 'PlaywrightPage'.
src/lib/meet-discovery/core.ts(831,25): error TS2339: Property 'schedule' does not exist on type 'ParseResult'.
src/lib/meet-discovery/core.ts(837,25): error TS2339: Property 'schedule' does not exist on type 'ParseResult'.
src/lib/meet-discovery/core.ts(850,11): error TS2304: Cannot find name 'ScheduleColorTarget'.
src/lib/meet-discovery/core.ts(1084,54): error TS2304: Cannot find name 'ScheduleColorRef'.
src/lib/meet-discovery/core.ts(1098,18): error TS2552: Cannot find name 'ScheduleColorLegendEntry'. Did you mean 'ScheduleColorPageLegendEntry'?
src/lib/meet-discovery/core.ts(1099,4): error TS2552: Cannot find name 'ScheduleColorLegendEntry'. Did you mean 'ScheduleColorPageLegendEntry'?
src/lib/meet-discovery/core.ts(1107,54): error TS2304: Cannot find name 'ScheduleColorTarget'.
src/lib/meet-discovery/core.ts(1149,52): error TS2552: Cannot find name 'ScheduleColorLegendEntry'. Did you mean 'ScheduleColorPageLegendEntry'?
src/lib/meet-discovery/core.ts(1171,11): error TS2304: Cannot find name 'ScheduleColorRef'.
src/lib/meet-discovery/core.ts(1182,11): error TS2304: Cannot find name 'ScheduleColorRef'.
src/lib/meet-discovery/core.ts(1199,16): error TS2552: Cannot find name 'ScheduleColorLegendEntry'. Did you mean 'ScheduleColorPageLegendEntry'?
src/lib/meet-discovery/core.ts(1639,51): error TS2339: Property 'schedule' does not exist on type 'ParseResult'.
src/lib/meet-discovery/core.ts(1640,51): error TS2339: Property 'schedule' does not exist on type 'ParseResult'.
src/lib/meet-discovery/core.ts(2471,25): error TS2339: Property 'schedule' does not exist on type 'ParseResult'.
src/lib/meet-discovery/core.ts(2491,25): error TS2339: Property 'schedule' does not exist on type 'ParseResult'.
src/lib/meet-discovery/core.ts(2493,16): error TS2339: Property 'schedule' does not exist on type 'ParseResult'.
src/lib/meet-discovery/core.ts(2816,7): error TS2322: Type '{ kind: DiscoveryResourceKind; status: DiscoveryResourceStatus; label: string; url: string; sourceUrl: string; origin: DiscoveryResourceOrigin; ... 6 more ...; matchReason: string | null; }[]' is not assignable to type 'DiscoveryResourceLink[]'.
  Type '{ kind: DiscoveryResourceKind; status: DiscoveryResourceStatus; label: string; url: string; sourceUrl: string; origin: DiscoveryResourceOrigin; ... 6 more ...; matchReason: string | null; }' is not assignable to type 'DiscoveryResourceLink'.
    Types of property 'discoveryMethod' are incompatible.
      Type 'string' is not assignable to type '"playwright" | "http"'.
src/lib/meet-discovery/core.ts(3198,16): error TS2339: Property 'schedule' does not exist on type 'ParseResult'.
src/lib/meet-discovery/core.ts(3214,30): error TS2339: Property 'schedule' does not exist on type 'ParseResult'.
src/lib/meet-discovery/core.ts(3263,31): error TS2339: Property 'schedule' does not exist on type 'ParseResult'.
src/lib/meet-discovery/core.ts(3332,39): error TS2339: Property 'schedule' does not exist on type 'ParseResult'.
src/lib/meet-discovery/core.ts(3466,25): error TS2339: Property 'schedule' does not exist on type 'ParseResult'.
src/lib/meet-discovery/core.ts(3467,16): error TS2339: Property 'schedule' does not exist on type 'ParseResult'.
src/lib/meet-discovery/core.ts(3469,11): error TS7006: Parameter 'session' implicitly has an 'any' type.
src/lib/meet-discovery/core.ts(3484,14): error TS7006: Parameter 'session' implicitly has an 'any' type.
src/lib/meet-discovery/core.ts(3490,16): error TS2339: Property 'schedule' does not exist on type 'ParseResult'.
src/lib/meet-discovery/core.ts(3495,27): error TS2339: Property 'schedule' does not exist on type 'ParseResult'.
src/lib/meet-discovery/core.ts(3496,31): error TS2339: Property 'schedule' does not exist on type 'ParseResult'.
src/lib/meet-discovery/core.ts(3554,13): error TS7006: Parameter 'day' implicitly has an 'any' type.
src/lib/meet-discovery/core.ts(3558,16): error TS7006: Parameter 'day' implicitly has an 'any' type.
src/lib/meet-discovery/core.ts(3827,51): error TS2345: Argument of type '{ mimeType: string; workflow?: DiscoveryWorkflow | null; stage?: string | undefined; page?: number | null; }' is not assignable to parameter of type 'DiscoveryAiImageArtifact'.
  Types of property 'stage' are incompatible.
    Type 'string | undefined' is not assignable to type 'string'.
      Type 'undefined' is not assignable to type 'string'.
src/lib/meet-discovery/core.ts(3880,51): error TS2345: Argument of type '{ mimeType: string; workflow?: DiscoveryWorkflow | null; stage?: string | undefined; page?: number | null; }' is not assignable to parameter of type 'DiscoveryAiImageArtifact'.
  Types of property 'stage' are incompatible.
    Type 'string | undefined' is not assignable to type 'string'.
      Type 'undefined' is not assignable to type 'string'.
src/lib/meet-discovery/core.ts(4364,51): error TS2345: Argument of type '{ mimeType: string; workflow?: DiscoveryWorkflow | null; stage?: string | undefined; page?: number | null; }' is not assignable to parameter of type 'DiscoveryAiImageArtifact'.
  Types of property 'stage' are incompatible.
    Type 'string | undefined' is not assignable to type 'string'.
      Type 'undefined' is not assignable to type 'string'.
src/lib/meet-discovery/core.ts(5918,3): error TS2322: Type '{ followed: boolean; contentType: string | null; score: number; url: string; label: string; sourceUrl: string; contextText: string | null; sectionHeading: null; depth: 0 | 1; kind: string; sameHost: boolean; }' is not assignable to type 'CrawlCandidate'.
  Type '{ followed: boolean; contentType: string | null; score: number; url: string; label: string; sourceUrl: string; contextText: string | null; sectionHeading: null; depth: 0 | 1; kind: string; sameHost: boolean; }' is not assignable to type 'DiscoveredLink'.
    Types of property 'kind' are incompatible.
      Type 'string' is not assignable to type 'DiscoveryLinkKind'.
src/lib/meet-discovery/core.ts(5922,36): error TS2345: Argument of type '{ url: string; label: string; sourceUrl: string; contextText: string | null; sectionHeading: null; depth: 0 | 1; kind: string; sameHost: boolean; }' is not assignable to parameter of type 'Omit<CrawlCandidate, "score" | "followed">'.
  Types of property 'kind' are incompatible.
    Type 'string' is not assignable to type 'DiscoveryLinkKind'.
src/lib/meet-discovery/core.ts(6377,3): error TS2741: Property 'collectBrowserData' is missing in type '{ fetchWithLimit: (url: string, options?: { timeoutMs?: number; signal?: AbortSignal; }) => Promise<{ contentType: string; buffer: Buffer; text: string; }>; extractTextFromPdf: ((buffer: Buffer, options?: { budgetMs?: number; performance?: DiscoveryPerformance; cache?: DiscoveryRequestCache; mode?: DiscoveryMode; si...' but required in type 'Required<UrlDiscoveryTestHooks>'.
src/lib/meet-discovery/core.ts(8179,3): error TS2322: Type 'string[]' is not assignable to type 'ParsePromptProfile[]'.
  Type 'string' is not assignable to type 'ParsePromptProfile'.
src/lib/meet-discovery/core.ts(9595,4): error TS2552: Cannot find name 'ScheduleColorLegendEntry'. Did you mean 'ScheduleColorPageLegendEntry'?
src/lib/meet-discovery/core.ts(9607,18): error TS2304: Cannot find name 'ScheduleColorLegendEntry'.
src/lib/meet-discovery/core.ts(9678,12): error TS2304: Cannot find name 'ScheduleColorRef'.
src/lib/meet-discovery/core.ts(9842,49): error TS2304: Cannot find name 'ScheduleColorTarget'.
src/lib/meet-discovery/core.ts(9941,4): error TS2304: Cannot find name 'ScheduleColorLegendEntry'.
src/lib/meet-discovery/core.ts(9976,25): error TS2339: Property 'schedule' does not exist on type 'ParseResult'.
src/lib/meet-discovery/core.ts(9980,24): error TS2339: Property 'schedule' does not exist on type 'ParseResult'.
src/lib/meet-discovery/core.ts(10008,42): error TS2304: Cannot find name 'ScheduleColorRef'.
src/lib/meet-discovery/core.ts(10009,39): error TS2304: Cannot find name 'ScheduleColorRef'.
src/lib/meet-discovery/core.ts(10011,32): error TS2304: Cannot find name 'ScheduleColorLegendEntry'.
src/lib/meet-discovery/core.ts(10075,34): error TS2339: Property 'scheduleVisionCalls' does not exist on type 'DiscoveryPerformance'.
src/lib/meet-discovery/core.ts(10146,33): error TS2304: Cannot find name 'ScheduleColorLegendEntry'.
src/lib/meet-discovery/core.ts(10258,24): error TS2339: Property 'schedule' does not exist on type 'ParseResult'.
src/lib/meet-discovery/core.ts(10328,39): error TS2345: Argument of type '"scheduleVisual"' is not assignable to parameter of type 'DiscoveryUsageStage'.
src/lib/meet-discovery/core.ts(10335,24): error TS2339: Property 'schedule' does not exist on type 'ParseResult'.
src/lib/meet-discovery/core.ts(10398,27): error TS2339: Property 'schedule' does not exist on type 'ParseResult'.
src/lib/meet-discovery/core.ts(10444,31): error TS2339: Property 'scheduleVisionCalls' does not exist on type 'DiscoveryPerformance'.
src/lib/meet-discovery/core.ts(10464,27): error TS2339: Property 'scheduleVisionCalls' does not exist on type 'DiscoveryPerformance'.
src/lib/meet-discovery/core.ts(10585,25): error TS2339: Property 'schedule' does not exist on type 'ParseResult'.
src/lib/meet-discovery/core.ts(10587,16): error TS2339: Property 'schedule' does not exist on type 'ParseResult'.
src/lib/meet-discovery/core.ts(10652,24): error TS2339: Property 'schedule' does not exist on type 'ParseResult'.
src/lib/meet-discovery/core.ts(10688,22): error TS2304: Cannot find name 'GYMNASTICS_SCHEDULE_JSON_SCHEMA'.
src/lib/meet-discovery/core.ts(10706,39): error TS2345: Argument of type '"scheduleText"' is not assignable to parameter of type 'DiscoveryUsageStage'.
src/lib/meet-discovery/core.ts(10714,24): error TS2339: Property 'schedule' does not exist on type 'ParseResult'.
src/lib/meet-discovery/core.ts(10725,16): error TS2339: Property 'schedule' does not exist on type 'ParseResult'.
src/lib/meet-discovery/core.ts(10742,35): error TS2339: Property 'schedule' does not exist on type 'ParseResult'.
src/lib/meet-discovery/core.ts(10796,33): error TS2339: Property 'schedule' does not exist on type 'ParseResult'.
src/lib/meet-discovery/core.ts(10811,29): error TS2339: Property 'schedule' does not exist on type 'ParseResult'.
src/lib/meet-discovery/core.ts(10812,33): error TS2339: Property 'schedule' does not exist on type 'ParseResult'.
src/lib/meet-discovery/core.ts(10841,77): error TS2339: Property 'schedule' does not exist on type 'ParseResult'.
src/lib/meet-discovery/core.ts(10988,24): error TS2339: Property 'schedule' does not exist on type 'ParseResult'.
src/lib/meet-discovery/core.ts(10989,25): error TS2339: Property 'schedule' does not exist on type 'ParseResult'.
src/lib/meet-discovery/core.ts(10990,16): error TS2339: Property 'schedule' does not exist on type 'ParseResult'.
src/lib/meet-discovery/core.ts(11194,25): error TS2339: Property 'schedule' does not exist on type 'ParseResult'.
src/lib/meet-discovery/core.ts(11195,16): error TS2339: Property 'schedule' does not exist on type 'ParseResult'.
src/lib/meet-discovery/core.ts(11237,24): error TS2339: Property 'schedule' does not exist on type 'ParseResult'.
src/lib/meet-discovery/core.ts(11238,25): error TS2339: Property 'schedule' does not exist on type 'ParseResult'.
src/lib/meet-discovery/core.ts(13751,32): error TS2677: A type predicate's type must be assignable to its parameter's type.
  Type '{ label?: string | undefined; url: string; }' is not assignable to type '{ label: string; url: string; }'.
    Types of property 'label' are incompatible.
      Type 'string | undefined' is not assignable to type 'string'.
        Type 'undefined' is not assignable to type 'string'.
src/lib/meet-discovery/core.ts(13752,17): error TS18047: 'item' is possibly 'null'.
src/lib/studio/source-image.ts(154,21): error TS2339: Property 'startsWith' does not exist on type 'never'.
src/lib/travel-accommodation-discovery.ts(657,29): error TS7053: Element implicitly has an 'any' type because expression of type 'any' can't be used to index type 'TravelAccommodationHotel'.
src/lib/travel-accommodation-discovery.ts(657,55): error TS7053: Element implicitly has an 'any' type because expression of type 'any' can't be used to index type 'TravelAccommodationHotel'.
