Browser errors: []
✖ Live Card: location retries, explicit saves, invitation download and responsive preview (52955.966ms)
ℹ tests 1
ℹ suites 0
ℹ pass 0
ℹ fail 1
ℹ cancelled 0
ℹ skipped 0
ℹ todo 0
ℹ duration_ms 53517.8934

✖ failing tests:

test at scripts\livecard-builder-browser.test.mjs:11:1
✖ Live Card: location retries, explicit saves, invitation download and responsive preview (52955.966ms)
  locator.click: Timeout 30000ms exceeded.
  Call log:
  [2m  - waiting for getByRole('button', { name: 'Registry', exact: true })[22m
  
      at TestContext.<anonymous> (D:\Develop_local\envitefy\scripts\livecard-builder-browser.test.mjs:686:71) {
    name: 'TimeoutError',
    log: [ "  - waiting for getByRole('button', { name: 'Registry', exact: true })" ]
  }
